// Jest Snapshot v1, https://goo.gl/fbAQLP

exports[`<Pages><User - renders component 1`] = `
Array [
  <nav
    aria-label="main navigation"
    class="navbar navbar-guest"
>
    <div
        class="container"
    >
        <div
            class="navbar-brand"
        >
            <a
                class="navbar-item"
                href="/"
            >
                <h1
                    class="title has-text-centered is-2 hp-title"
                >
                    Hacker News
                </h1>
            </a>
            <button
                class="button navbar-burger"
                data-target="navMenu"
            >
                <span>
                    
                </span>
                 
                <span>
                    
                </span>
                 
                <span>
                    
                </span>
            </button>
        </div>
        <div
            class="navbar-menu"
            id="navMenu"
        >
            <div
                class="navbar-start"
            >
                <a
                    class="navbar-item"
                    href="/news/topstories"
                    id="topstories"
                >
                    Top stories
                </a>
                <a
                    class="navbar-item"
                    href="/news/newstories"
                    id="newstories"
                >
                    New stories
                </a>
                <a
                    class="navbar-item"
                    href="/news/beststories"
                    id="beststories"
                >
                    Comments
                </a>
                <a
                    class="navbar-item"
                    href="/news/askstories"
                    id="askstories"
                >
                    Ask
                </a>
                <a
                    class="navbar-item"
                    href="/news/showstories"
                    id="showstories"
                >
                    Show
                </a>
                <a
                    class="navbar-item"
                    href="/news/jobstories"
                    id="jobstories"
                >
                    Job
                </a>
            </div>
            <div
                class="navbar-end"
            >
                <div
                    class="navbar-item active"
                >
                    <a
                        href="/user/login"
                    >
                        SIGN IN
                    </a>
                </div>
            </div>
        </div>
    </div>
</nav>,
  " ",
  <div
    class="login-wrapper columns is-gapless"
>
    <div
        class="column is-7"
    >
        <div
            class="hero is-fullheight"
        >
            <div
                class="hero-heading"
            >
                <div
                    class="section has-text-centered"
                >
                    <h1
                        class="title has-text-centered is-2 hp-title"
                    >
                        This page is under construction
                    </h1>
                </div>
                <div
                    class="no-account-link has-text-centered"
                >
                    <a
                        href="#"
                    >
                        Don't have an account ? 
                    </a>
                </div>
            </div>
            <div
                class="hero-body"
            >
                <div
                    class="container"
                >
                    <div
                        class="columns"
                    >
                        <div
                            class="column"
                        >
                            
                        </div>
                        <div
                            class="column is-5"
                        >
                            <form
                                data-request="onSignin"
                            >
                                <div
                                    class="login-form animated preFadeInLeft fadeInLeft"
                                    id="signin-form"
                                >
                                    <div
                                        class="field pb-10"
                                    >
                                        <div
                                            class="control"
                                        >
                                            <input
                                                class="input is-large"
                                                id="userSigninLogin"
                                                name="login"
                                                placeholder="Enter your email"
                                                type="text"
                                            >
                                                
                                            </input>
                                        </div>
                                    </div>
                                    <div
                                        class="field pb-20"
                                    >
                                        <div
                                            class="control"
                                        >
                                            <input
                                                class="input is-large"
                                                id="userSigninPassword"
                                                name="password"
                                                placeholder="Enter your password"
                                                type="password"
                                            >
                                                
                                            </input>
                                        </div>
                                    </div>
                                    <p
                                        class="control login"
                                    >
                                        <button
                                            class="button button-cta primary-btn btn-align-lg btn-outlined is-bold is-fullwidth rounded raised no-lh  will-load"
                                            type="submit"
                                        >
                                            Log in
                                        </button>
                                    </p>
                                </div>
                            </form>
                            <div
                                id="partialUserResetForm"
                            >
                                <form
                                    data-request="ninjaReset::onRestorePassword"
                                    data-request-update="'ninjaReset::reset': '#partialUserResetForm'"
                                >
                                    <div
                                        class="login-form animated preFadeInLeft fadeInLeft is-hidden"
                                        id="recover-form"
                                    >
                                        <h2
                                            class="title is-4 has-text-centered"
                                        >
                                            Lost your Password ?
                                        </h2>
                                        <div
                                            class="field pb-20"
                                        >
                                            <div
                                                class="control"
                                            >
                                                <input
                                                    class="input is-large"
                                                    id="userRestoreEmail"
                                                    name="email"
                                                    placeholder="Enter your email"
                                                    type="email"
                                                >
                                                    
                                                </input>
                                            </div>
                                        </div>
                                        <p
                                            class="control login"
                                        >
                                            <button
                                                class="button button-cta secondary-btn btn-align-lg btn-outlined is-bold is-fullwidth rounded raised no-lh will-load"
                                                type="submit"
                                            >
                                                Restore password
                                            </button>
                                        </p>
                                    </div>
                                </form>
                            </div>
                            <div
                                class="section forgot-password animated preFadeInLeft fadeInLeft"
                                id="recover"
                            >
                                <p
                                    class="has-text-centered"
                                >
                                    <a
                                        href="#"
                                    >
                                        Forgot password ?
                                    </a>
                                </p>
                            </div>
                            <div
                                class="section forgot-password animated preFadeInLeft fadeInLeft is-hidden"
                                id="back-to-login"
                            >
                                <p
                                    class="has-text-centered"
                                >
                                    <a
                                        href="#"
                                    >
                                        Back to Sign in
                                    </a>
                                </p>
                            </div>
                        </div>
                        <div
                            class="column"
                        >
                            
                        </div>
                    </div>
                </div>
            </div>
        </div>
    </div>
    <div
        class="column login-column is-5 is-hidden-mobile hero-banner"
    >
        <div
            class="hero is-fullheight is-theme-primary is-relative"
        >
            <div
                class="columns has-text-centered"
            >
                <div
                    class="column"
                >
                    
                </div>
            </div>
            <img
                alt=""
                class="login-city"
                src="https://cssninja.io/themes/cssninja/assets/images/bg/temple.svg"
            >
                
            </img>
        </div>
    </div>
</div>,
]
`;
