// Jest Snapshot v1, https://goo.gl/fbAQLP

exports[`<components><NewsItems - renders component 1`] = `
<NewsItemContainer
  type="beststories"
/>
`;
